// Jest Snapshot v1, https://goo.gl/fbAQLP

exports[`Query.chat should fetch specified chat 1`] = `
Object {
  "chat": Object {
    "id": "1",
    "lastMessage": Object {
      "content": "You on your way?",
      "createdAt": "2020-04-30T22:10:42.179Z",
      "id": "1",
    },
    "name": "Ethan Gonzalez",
    "picture": "https://randomuser.me/api/portraits/thumb/men/1.jpg",
  },
}
`;
